// Jest Snapshot v1, https://goo.gl/fbAQLP

exports[`Link should render correctly 1`] = `
<Text
  style={
    [
      {
        "color": "#1B1D4D",
        "fontFamily": "MulishRegular",
        "fontSize": 14,
      },
      [
        {
          "color": "#FF5887",
          "fontFamily": "MulishRegular",
          "fontSize": 16,
        },
        undefined,
      ],
    ]
  }
/>
`;
