// Jest Snapshot v1, https://goo.gl/fbAQLP

exports[`CircleWithIcon should render correctly 1`] = `
<View
  style={
    [
      {
        "alignItems": "center",
        "backgroundColor": "#F1F5FD",
        "borderRadius": 80,
        "height": 40,
        "justifyContent": "center",
        "width": 40,
      },
    ]
  }
>
  <Text />
</View>
`;
