// Jest Snapshot v1, https://goo.gl/fbAQLP

exports[`TransactionHistory should render correctly 1`] = `
<View
  style={
    {
      "flex": 1,
      "gap": 22.9448,
    }
  }
>
  <View
    style={
      {
        "padding": 39.975,
      }
    }
  >
    <View
      style={
        [
          {
            "backgroundColor": "white",
            "borderRadius": 10,
            "height": "auto",
            "padding": 10,
            "width": "100%",
          },
          {
            "elevation": 20,
            "shadowColor": "#16196670",
            "shadowOffset": {
              "height": 6,
              "width": 0,
            },
            "shadowOpacity": 0.08,
            "shadowRadius": 16,
          },
          [
            {
              "alignItems": "center",
              "borderColor": "white",
              "borderWidth": 1,
              "flexDirection": "row",
              "justifyContent": "space-between",
              "paddingHorizontal": 14,
            },
            undefined,
            false,
          ],
        ]
      }
      testID="universal-container"
    >
      <TextInput
        keyboardType="default"
        onBlur={[Function]}
        onChangeText={[Function]}
        onFocus={[Function]}
        placeholder="Search"
        placeholderTextColor="#868698"
        secureTextEntry={false}
        style={
          [
            {
              "color": "white",
              "fontFamily": "MulishRegular",
            },
            {
              "color": "#1B1D4D",
              "marginRight": 10,
              "maxWidth": "93%",
              "width": "100%",
            },
            undefined,
            false,
          ]
        }
      />
      <View
        accessibilityState={
          {
            "busy": undefined,
            "checked": undefined,
            "disabled": undefined,
            "expanded": undefined,
            "selected": undefined,
          }
        }
        accessibilityValue={
          {
            "max": undefined,
            "min": undefined,
            "now": undefined,
            "text": undefined,
          }
        }
        accessible={true}
        collapsable={false}
        focusable={true}
        hitSlop={10}
        onBlur={[Function]}
        onClick={[Function]}
        onFocus={[Function]}
        onResponderGrant={[Function]}
        onResponderMove={[Function]}
        onResponderRelease={[Function]}
        onResponderTerminate={[Function]}
        onResponderTerminationRequest={[Function]}
        onStartShouldSetResponder={[Function]}
        style={false}
        testID="input-icon"
      >
        <Text />
      </View>
    </View>
  </View>
  <RCTScrollView
    ListEmptyComponent={
      <CustomText
        style={
          {
            "color": "#4C4C60",
            "fontFamily": "MulishRegular",
            "fontSize": 12,
            "marginBottom": 14.2738,
          }
        }
      >
        No transactions
      </CustomText>
    }
    data={
      [
        {
          "amount": 140,
          "date": 2023-12-02T00:00:00.000Z,
          "icon": <SvgMock />,
          "subTitle": "Money transfer",
          "title": "Adalyn Roth",
        },
        {
          "amount": 239.57,
          "date": 2023-12-02T00:00:00.000Z,
          "icon": <SvgMock />,
          "subTitle": "Online payments",
          "title": "Amazon",
        },
        {
          "amount": 700,
          "date": 2022-09-10T00:00:00.000Z,
          "icon": <SvgMock />,
          "isExpense": false,
          "subTitle": "Deposits",
          "title": "Paypal",
        },
        {
          "amount": 1200,
          "date": 2022-09-10T00:00:00.000Z,
          "icon": <SvgMock />,
          "subTitle": "Cash withdrawal",
          "title": "ATM",
        },
        {
          "amount": 287.84,
          "date": 2022-09-10T00:00:00.000Z,
          "icon": <SvgMock />,
          "subTitle": "Online payments",
          "title": "eBay",
        },
        {
          "amount": 10,
          "date": 2022-09-05T00:00:00.000Z,
          "icon": <SvgMock
            color="#FF8A71"
          />,
          "subTitle": "Mobile payments",
          "title": "+17869871235",
        },
        {
          "amount": 10,
          "date": 2022-09-05T00:00:00.000Z,
          "icon": <SvgMock />,
          "subTitle": "Mobile payments",
          "title": "+17869871235",
        },
      ]
    }
    getItem={[Function]}
    getItemCount={[Function]}
    keyExtractor={[Function]}
    onContentSizeChange={[Function]}
    onLayout={[Function]}
    onMomentumScrollBegin={[Function]}
    onMomentumScrollEnd={[Function]}
    onScroll={[Function]}
    onScrollBeginDrag={[Function]}
    onScrollEndDrag={[Function]}
    removeClippedSubviews={false}
    renderItem={[Function]}
    scrollEventThrottle={50}
    stickyHeaderIndices={[]}
    viewabilityConfigCallbackPairs={[]}
  >
    <View>
      <View
        onFocusCapture={[Function]}
        onLayout={[Function]}
        style={null}
      >
        <View
          style={
            {
              "marginBottom": 14.2738,
              "paddingHorizontal": 39.975,
            }
          }
        >
          <Text
            style={
              [
                {
                  "color": "#1B1D4D",
                  "fontFamily": "MulishRegular",
                  "fontSize": 14,
                },
                {
                  "color": "#4C4C60",
                  "fontFamily": "MulishRegular",
                  "fontSize": 12,
                  "marginBottom": 14.2738,
                },
              ]
            }
          >
            Today
          </Text>
          <View
            style={
              {
                "gap": 10.725,
              }
            }
          >
            <View
              style={
                [
                  {
                    "backgroundColor": "white",
                    "borderRadius": 10,
                    "height": "auto",
                    "padding": 19.95,
                    "width": "100%",
                  },
                  {
                    "elevation": 20,
                    "shadowColor": "#16196670",
                    "shadowOffset": {
                      "height": 6,
                      "width": 0,
                    },
                    "shadowOpacity": 0.08,
                    "shadowRadius": 16,
                  },
                  {
                    "alignItems": "center",
                    "flexDirection": "row",
                    "gap": 13,
                  },
                ]
              }
              testID="universal-container"
            >
              <View
                style={
                  [
                    {
                      "alignItems": "center",
                      "backgroundColor": "#F1F5FD",
                      "borderRadius": 159.9,
                      "height": 79.95,
                      "justifyContent": "center",
                      "width": 79.95,
                    },
                    false,
                  ]
                }
              >
                <SvgMock />
              </View>
              <View>
                <Text
                  style={
                    [
                      {
                        "color": "#1B1D4D",
                        "fontFamily": "MulishRegular",
                        "fontSize": 14,
                      },
                      {
                        "color": "#1B1D4D",
                        "fontFamily": "MulishSemiBold",
                        "fontSize": 14,
                      },
                    ]
                  }
                >
                  Adalyn Roth
                </Text>
                <Text
                  style={
                    [
                      {
                        "color": "#1B1D4D",
                        "fontFamily": "MulishRegular",
                        "fontSize": 14,
                      },
                      {
                        "color": "#4C4C60",
                        "fontFamily": "MulishRegular",
                        "fontSize": 12,
                      },
                    ]
                  }
                >
                  Money transfer
                </Text>
              </View>
              <View
                style={
                  {
                    "flexDirection": "row",
                    "gap": 5,
                    "marginLeft": "auto",
                  }
                }
              >
                <Text
                  style={
                    [
                      {
                        "color": "#1B1D4D",
                        "fontFamily": "MulishRegular",
                        "fontSize": 14,
                      },
                      [
                        {
                          "color": "#1B1D4D",
                          "fontFamily": "MulishSemiBold",
                          "fontSize": 14,
                        },
                        false,
                      ],
                    ]
                  }
                >
                  -
                </Text>
                <View>
                  <Text
                    style={
                      [
                        {
                          "color": "#1B1D4D",
                          "fontFamily": "MulishRegular",
                          "fontSize": 14,
                        },
                        [
                          {
                            "color": "#1B1D4D",
                            "fontFamily": "MulishSemiBold",
                            "fontSize": 14,
                          },
                          false,
                        ],
                      ]
                    }
                  >
                    140.00
                  </Text>
                  <Text
                    style={
                      [
                        {
                          "color": "#1B1D4D",
                          "fontFamily": "MulishRegular",
                          "fontSize": 14,
                        },
                        [
                          {
                            "color": "#4C4C60",
                            "fontFamily": "MulishRegular",
                            "fontSize": 12,
                          },
                          {
                            "marginLeft": "auto",
                          },
                          {
                            "display": "none",
                          },
                        ],
                      ]
                    }
                  >
                    undefined%
                  </Text>
                </View>
              </View>
            </View>
            <View
              style={
                [
                  {
                    "backgroundColor": "white",
                    "borderRadius": 10,
                    "height": "auto",
                    "padding": 19.95,
                    "width": "100%",
                  },
                  {
                    "elevation": 20,
                    "shadowColor": "#16196670",
                    "shadowOffset": {
                      "height": 6,
                      "width": 0,
                    },
                    "shadowOpacity": 0.08,
                    "shadowRadius": 16,
                  },
                  {
                    "alignItems": "center",
                    "flexDirection": "row",
                    "gap": 13,
                  },
                ]
              }
              testID="universal-container"
            >
              <View
                style={
                  [
                    {
                      "alignItems": "center",
                      "backgroundColor": "#F1F5FD",
                      "borderRadius": 159.9,
                      "height": 79.95,
                      "justifyContent": "center",
                      "width": 79.95,
                    },
                    false,
                  ]
                }
              >
                <SvgMock />
              </View>
              <View>
                <Text
                  style={
                    [
                      {
                        "color": "#1B1D4D",
                        "fontFamily": "MulishRegular",
                        "fontSize": 14,
                      },
                      {
                        "color": "#1B1D4D",
                        "fontFamily": "MulishSemiBold",
                        "fontSize": 14,
                      },
                    ]
                  }
                >
                  Amazon
                </Text>
                <Text
                  style={
                    [
                      {
                        "color": "#1B1D4D",
                        "fontFamily": "MulishRegular",
                        "fontSize": 14,
                      },
                      {
                        "color": "#4C4C60",
                        "fontFamily": "MulishRegular",
                        "fontSize": 12,
                      },
                    ]
                  }
                >
                  Online payments
                </Text>
              </View>
              <View
                style={
                  {
                    "flexDirection": "row",
                    "gap": 5,
                    "marginLeft": "auto",
                  }
                }
              >
                <Text
                  style={
                    [
                      {
                        "color": "#1B1D4D",
                        "fontFamily": "MulishRegular",
                        "fontSize": 14,
                      },
                      [
                        {
                          "color": "#1B1D4D",
                          "fontFamily": "MulishSemiBold",
                          "fontSize": 14,
                        },
                        false,
                      ],
                    ]
                  }
                >
                  -
                </Text>
                <View>
                  <Text
                    style={
                      [
                        {
                          "color": "#1B1D4D",
                          "fontFamily": "MulishRegular",
                          "fontSize": 14,
                        },
                        [
                          {
                            "color": "#1B1D4D",
                            "fontFamily": "MulishSemiBold",
                            "fontSize": 14,
                          },
                          false,
                        ],
                      ]
                    }
                  >
                    239.57
                  </Text>
                  <Text
                    style={
                      [
                        {
                          "color": "#1B1D4D",
                          "fontFamily": "MulishRegular",
                          "fontSize": 14,
                        },
                        [
                          {
                            "color": "#4C4C60",
                            "fontFamily": "MulishRegular",
                            "fontSize": 12,
                          },
                          {
                            "marginLeft": "auto",
                          },
                          {
                            "display": "none",
                          },
                        ],
                      ]
                    }
                  >
                    undefined%
                  </Text>
                </View>
              </View>
            </View>
          </View>
        </View>
      </View>
      <View
        onFocusCapture={[Function]}
        onLayout={[Function]}
        style={null}
      />
      <View
        onFocusCapture={[Function]}
        onLayout={[Function]}
        style={null}
      >
        <View
          style={
            {
              "marginBottom": 14.2738,
              "paddingHorizontal": 39.975,
            }
          }
        >
          <Text
            style={
              [
                {
                  "color": "#1B1D4D",
                  "fontFamily": "MulishRegular",
                  "fontSize": 14,
                },
                {
                  "color": "#4C4C60",
                  "fontFamily": "MulishRegular",
                  "fontSize": 12,
                  "marginBottom": 14.2738,
                },
              ]
            }
          >
            Sep 10, 2022
          </Text>
          <View
            style={
              {
                "gap": 10.725,
              }
            }
          >
            <View
              style={
                [
                  {
                    "backgroundColor": "white",
                    "borderRadius": 10,
                    "height": "auto",
                    "padding": 19.95,
                    "width": "100%",
                  },
                  {
                    "elevation": 20,
                    "shadowColor": "#16196670",
                    "shadowOffset": {
                      "height": 6,
                      "width": 0,
                    },
                    "shadowOpacity": 0.08,
                    "shadowRadius": 16,
                  },
                  {
                    "alignItems": "center",
                    "flexDirection": "row",
                    "gap": 13,
                  },
                ]
              }
              testID="universal-container"
            >
              <View
                style={
                  [
                    {
                      "alignItems": "center",
                      "backgroundColor": "#F1F5FD",
                      "borderRadius": 159.9,
                      "height": 79.95,
                      "justifyContent": "center",
                      "width": 79.95,
                    },
                    false,
                  ]
                }
              >
                <SvgMock />
              </View>
              <View>
                <Text
                  style={
                    [
                      {
                        "color": "#1B1D4D",
                        "fontFamily": "MulishRegular",
                        "fontSize": 14,
                      },
                      {
                        "color": "#1B1D4D",
                        "fontFamily": "MulishSemiBold",
                        "fontSize": 14,
                      },
                    ]
                  }
                >
                  Paypal
                </Text>
                <Text
                  style={
                    [
                      {
                        "color": "#1B1D4D",
                        "fontFamily": "MulishRegular",
                        "fontSize": 14,
                      },
                      {
                        "color": "#4C4C60",
                        "fontFamily": "MulishRegular",
                        "fontSize": 12,
                      },
                    ]
                  }
                >
                  Deposits
                </Text>
              </View>
              <View
                style={
                  {
                    "flexDirection": "row",
                    "gap": 5,
                    "marginLeft": "auto",
                  }
                }
              >
                <Text
                  style={
                    [
                      {
                        "color": "#1B1D4D",
                        "fontFamily": "MulishRegular",
                        "fontSize": 14,
                      },
                      [
                        {
                          "color": "#1B1D4D",
                          "fontFamily": "MulishSemiBold",
                          "fontSize": 14,
                        },
                        {
                          "color": "#3EB290",
                        },
                      ],
                    ]
                  }
                >
                  +
                </Text>
                <View>
                  <Text
                    style={
                      [
                        {
                          "color": "#1B1D4D",
                          "fontFamily": "MulishRegular",
                          "fontSize": 14,
                        },
                        [
                          {
                            "color": "#1B1D4D",
                            "fontFamily": "MulishSemiBold",
                            "fontSize": 14,
                          },
                          {
                            "color": "#3EB290",
                          },
                        ],
                      ]
                    }
                  >
                    700.00
                  </Text>
                  <Text
                    style={
                      [
                        {
                          "color": "#1B1D4D",
                          "fontFamily": "MulishRegular",
                          "fontSize": 14,
                        },
                        [
                          {
                            "color": "#4C4C60",
                            "fontFamily": "MulishRegular",
                            "fontSize": 12,
                          },
                          {
                            "marginLeft": "auto",
                          },
                          {
                            "display": "none",
                          },
                        ],
                      ]
                    }
                  >
                    undefined%
                  </Text>
                </View>
              </View>
            </View>
            <View
              style={
                [
                  {
                    "backgroundColor": "white",
                    "borderRadius": 10,
                    "height": "auto",
                    "padding": 19.95,
                    "width": "100%",
                  },
                  {
                    "elevation": 20,
                    "shadowColor": "#16196670",
                    "shadowOffset": {
                      "height": 6,
                      "width": 0,
                    },
                    "shadowOpacity": 0.08,
                    "shadowRadius": 16,
                  },
                  {
                    "alignItems": "center",
                    "flexDirection": "row",
                    "gap": 13,
                  },
                ]
              }
              testID="universal-container"
            >
              <View
                style={
                  [
                    {
                      "alignItems": "center",
                      "backgroundColor": "#F1F5FD",
                      "borderRadius": 159.9,
                      "height": 79.95,
                      "justifyContent": "center",
                      "width": 79.95,
                    },
                    false,
                  ]
                }
              >
                <SvgMock />
              </View>
              <View>
                <Text
                  style={
                    [
                      {
                        "color": "#1B1D4D",
                        "fontFamily": "MulishRegular",
                        "fontSize": 14,
                      },
                      {
                        "color": "#1B1D4D",
                        "fontFamily": "MulishSemiBold",
                        "fontSize": 14,
                      },
                    ]
                  }
                >
                  ATM
                </Text>
                <Text
                  style={
                    [
                      {
                        "color": "#1B1D4D",
                        "fontFamily": "MulishRegular",
                        "fontSize": 14,
                      },
                      {
                        "color": "#4C4C60",
                        "fontFamily": "MulishRegular",
                        "fontSize": 12,
                      },
                    ]
                  }
                >
                  Cash withdrawal
                </Text>
              </View>
              <View
                style={
                  {
                    "flexDirection": "row",
                    "gap": 5,
                    "marginLeft": "auto",
                  }
                }
              >
                <Text
                  style={
                    [
                      {
                        "color": "#1B1D4D",
                        "fontFamily": "MulishRegular",
                        "fontSize": 14,
                      },
                      [
                        {
                          "color": "#1B1D4D",
                          "fontFamily": "MulishSemiBold",
                          "fontSize": 14,
                        },
                        false,
                      ],
                    ]
                  }
                >
                  -
                </Text>
                <View>
                  <Text
                    style={
                      [
                        {
                          "color": "#1B1D4D",
                          "fontFamily": "MulishRegular",
                          "fontSize": 14,
                        },
                        [
                          {
                            "color": "#1B1D4D",
                            "fontFamily": "MulishSemiBold",
                            "fontSize": 14,
                          },
                          false,
                        ],
                      ]
                    }
                  >
                    1200.00
                  </Text>
                  <Text
                    style={
                      [
                        {
                          "color": "#1B1D4D",
                          "fontFamily": "MulishRegular",
                          "fontSize": 14,
                        },
                        [
                          {
                            "color": "#4C4C60",
                            "fontFamily": "MulishRegular",
                            "fontSize": 12,
                          },
                          {
                            "marginLeft": "auto",
                          },
                          {
                            "display": "none",
                          },
                        ],
                      ]
                    }
                  >
                    undefined%
                  </Text>
                </View>
              </View>
            </View>
            <View
              style={
                [
                  {
                    "backgroundColor": "white",
                    "borderRadius": 10,
                    "height": "auto",
                    "padding": 19.95,
                    "width": "100%",
                  },
                  {
                    "elevation": 20,
                    "shadowColor": "#16196670",
                    "shadowOffset": {
                      "height": 6,
                      "width": 0,
                    },
                    "shadowOpacity": 0.08,
                    "shadowRadius": 16,
                  },
                  {
                    "alignItems": "center",
                    "flexDirection": "row",
                    "gap": 13,
                  },
                ]
              }
              testID="universal-container"
            >
              <View
                style={
                  [
                    {
                      "alignItems": "center",
                      "backgroundColor": "#F1F5FD",
                      "borderRadius": 159.9,
                      "height": 79.95,
                      "justifyContent": "center",
                      "width": 79.95,
                    },
                    false,
                  ]
                }
              >
                <SvgMock />
              </View>
              <View>
                <Text
                  style={
                    [
                      {
                        "color": "#1B1D4D",
                        "fontFamily": "MulishRegular",
                        "fontSize": 14,
                      },
                      {
                        "color": "#1B1D4D",
                        "fontFamily": "MulishSemiBold",
                        "fontSize": 14,
                      },
                    ]
                  }
                >
                  eBay
                </Text>
                <Text
                  style={
                    [
                      {
                        "color": "#1B1D4D",
                        "fontFamily": "MulishRegular",
                        "fontSize": 14,
                      },
                      {
                        "color": "#4C4C60",
                        "fontFamily": "MulishRegular",
                        "fontSize": 12,
                      },
                    ]
                  }
                >
                  Online payments
                </Text>
              </View>
              <View
                style={
                  {
                    "flexDirection": "row",
                    "gap": 5,
                    "marginLeft": "auto",
                  }
                }
              >
                <Text
                  style={
                    [
                      {
                        "color": "#1B1D4D",
                        "fontFamily": "MulishRegular",
                        "fontSize": 14,
                      },
                      [
                        {
                          "color": "#1B1D4D",
                          "fontFamily": "MulishSemiBold",
                          "fontSize": 14,
                        },
                        false,
                      ],
                    ]
                  }
                >
                  -
                </Text>
                <View>
                  <Text
                    style={
                      [
                        {
                          "color": "#1B1D4D",
                          "fontFamily": "MulishRegular",
                          "fontSize": 14,
                        },
                        [
                          {
                            "color": "#1B1D4D",
                            "fontFamily": "MulishSemiBold",
                            "fontSize": 14,
                          },
                          false,
                        ],
                      ]
                    }
                  >
                    287.84
                  </Text>
                  <Text
                    style={
                      [
                        {
                          "color": "#1B1D4D",
                          "fontFamily": "MulishRegular",
                          "fontSize": 14,
                        },
                        [
                          {
                            "color": "#4C4C60",
                            "fontFamily": "MulishRegular",
                            "fontSize": 12,
                          },
                          {
                            "marginLeft": "auto",
                          },
                          {
                            "display": "none",
                          },
                        ],
                      ]
                    }
                  >
                    undefined%
                  </Text>
                </View>
              </View>
            </View>
          </View>
        </View>
      </View>
      <View
        onFocusCapture={[Function]}
        onLayout={[Function]}
        style={null}
      />
      <View
        onFocusCapture={[Function]}
        onLayout={[Function]}
        style={null}
      />
      <View
        onFocusCapture={[Function]}
        onLayout={[Function]}
        style={null}
      >
        <View
          style={
            {
              "marginBottom": 14.2738,
              "paddingHorizontal": 39.975,
            }
          }
        >
          <Text
            style={
              [
                {
                  "color": "#1B1D4D",
                  "fontFamily": "MulishRegular",
                  "fontSize": 14,
                },
                {
                  "color": "#4C4C60",
                  "fontFamily": "MulishRegular",
                  "fontSize": 12,
                  "marginBottom": 14.2738,
                },
              ]
            }
          >
            Sep 5, 2022
          </Text>
          <View
            style={
              {
                "gap": 10.725,
              }
            }
          >
            <View
              style={
                [
                  {
                    "backgroundColor": "white",
                    "borderRadius": 10,
                    "height": "auto",
                    "padding": 19.95,
                    "width": "100%",
                  },
                  {
                    "elevation": 20,
                    "shadowColor": "#16196670",
                    "shadowOffset": {
                      "height": 6,
                      "width": 0,
                    },
                    "shadowOpacity": 0.08,
                    "shadowRadius": 16,
                  },
                  {
                    "alignItems": "center",
                    "flexDirection": "row",
                    "gap": 13,
                  },
                ]
              }
              testID="universal-container"
            >
              <View
                style={
                  [
                    {
                      "alignItems": "center",
                      "backgroundColor": "#F1F5FD",
                      "borderRadius": 159.9,
                      "height": 79.95,
                      "justifyContent": "center",
                      "width": 79.95,
                    },
                    false,
                  ]
                }
              >
                <SvgMock
                  color="#FF8A71"
                />
              </View>
              <View>
                <Text
                  style={
                    [
                      {
                        "color": "#1B1D4D",
                        "fontFamily": "MulishRegular",
                        "fontSize": 14,
                      },
                      {
                        "color": "#1B1D4D",
                        "fontFamily": "MulishSemiBold",
                        "fontSize": 14,
                      },
                    ]
                  }
                >
                  +17869871235
                </Text>
                <Text
                  style={
                    [
                      {
                        "color": "#1B1D4D",
                        "fontFamily": "MulishRegular",
                        "fontSize": 14,
                      },
                      {
                        "color": "#4C4C60",
                        "fontFamily": "MulishRegular",
                        "fontSize": 12,
                      },
                    ]
                  }
                >
                  Mobile payments
                </Text>
              </View>
              <View
                style={
                  {
                    "flexDirection": "row",
                    "gap": 5,
                    "marginLeft": "auto",
                  }
                }
              >
                <Text
                  style={
                    [
                      {
                        "color": "#1B1D4D",
                        "fontFamily": "MulishRegular",
                        "fontSize": 14,
                      },
                      [
                        {
                          "color": "#1B1D4D",
                          "fontFamily": "MulishSemiBold",
                          "fontSize": 14,
                        },
                        false,
                      ],
                    ]
                  }
                >
                  -
                </Text>
                <View>
                  <Text
                    style={
                      [
                        {
                          "color": "#1B1D4D",
                          "fontFamily": "MulishRegular",
                          "fontSize": 14,
                        },
                        [
                          {
                            "color": "#1B1D4D",
                            "fontFamily": "MulishSemiBold",
                            "fontSize": 14,
                          },
                          false,
                        ],
                      ]
                    }
                  >
                    10.00
                  </Text>
                  <Text
                    style={
                      [
                        {
                          "color": "#1B1D4D",
                          "fontFamily": "MulishRegular",
                          "fontSize": 14,
                        },
                        [
                          {
                            "color": "#4C4C60",
                            "fontFamily": "MulishRegular",
                            "fontSize": 12,
                          },
                          {
                            "marginLeft": "auto",
                          },
                          {
                            "display": "none",
                          },
                        ],
                      ]
                    }
                  >
                    undefined%
                  </Text>
                </View>
              </View>
            </View>
            <View
              style={
                [
                  {
                    "backgroundColor": "white",
                    "borderRadius": 10,
                    "height": "auto",
                    "padding": 19.95,
                    "width": "100%",
                  },
                  {
                    "elevation": 20,
                    "shadowColor": "#16196670",
                    "shadowOffset": {
                      "height": 6,
                      "width": 0,
                    },
                    "shadowOpacity": 0.08,
                    "shadowRadius": 16,
                  },
                  {
                    "alignItems": "center",
                    "flexDirection": "row",
                    "gap": 13,
                  },
                ]
              }
              testID="universal-container"
            >
              <View
                style={
                  [
                    {
                      "alignItems": "center",
                      "backgroundColor": "#F1F5FD",
                      "borderRadius": 159.9,
                      "height": 79.95,
                      "justifyContent": "center",
                      "width": 79.95,
                    },
                    false,
                  ]
                }
              >
                <SvgMock />
              </View>
              <View>
                <Text
                  style={
                    [
                      {
                        "color": "#1B1D4D",
                        "fontFamily": "MulishRegular",
                        "fontSize": 14,
                      },
                      {
                        "color": "#1B1D4D",
                        "fontFamily": "MulishSemiBold",
                        "fontSize": 14,
                      },
                    ]
                  }
                >
                  +17869871235
                </Text>
                <Text
                  style={
                    [
                      {
                        "color": "#1B1D4D",
                        "fontFamily": "MulishRegular",
                        "fontSize": 14,
                      },
                      {
                        "color": "#4C4C60",
                        "fontFamily": "MulishRegular",
                        "fontSize": 12,
                      },
                    ]
                  }
                >
                  Mobile payments
                </Text>
              </View>
              <View
                style={
                  {
                    "flexDirection": "row",
                    "gap": 5,
                    "marginLeft": "auto",
                  }
                }
              >
                <Text
                  style={
                    [
                      {
                        "color": "#1B1D4D",
                        "fontFamily": "MulishRegular",
                        "fontSize": 14,
                      },
                      [
                        {
                          "color": "#1B1D4D",
                          "fontFamily": "MulishSemiBold",
                          "fontSize": 14,
                        },
                        false,
                      ],
                    ]
                  }
                >
                  -
                </Text>
                <View>
                  <Text
                    style={
                      [
                        {
                          "color": "#1B1D4D",
                          "fontFamily": "MulishRegular",
                          "fontSize": 14,
                        },
                        [
                          {
                            "color": "#1B1D4D",
                            "fontFamily": "MulishSemiBold",
                            "fontSize": 14,
                          },
                          false,
                        ],
                      ]
                    }
                  >
                    10.00
                  </Text>
                  <Text
                    style={
                      [
                        {
                          "color": "#1B1D4D",
                          "fontFamily": "MulishRegular",
                          "fontSize": 14,
                        },
                        [
                          {
                            "color": "#4C4C60",
                            "fontFamily": "MulishRegular",
                            "fontSize": 12,
                          },
                          {
                            "marginLeft": "auto",
                          },
                          {
                            "display": "none",
                          },
                        ],
                      ]
                    }
                  >
                    undefined%
                  </Text>
                </View>
              </View>
            </View>
          </View>
        </View>
      </View>
      <View
        onFocusCapture={[Function]}
        onLayout={[Function]}
        style={null}
      />
    </View>
  </RCTScrollView>
</View>
`;
