// Jest Snapshot v1, https://goo.gl/fbAQLP

exports[`MobilePaymentTemplate should render correctly 1`] = `
<View
  style={
    {
      "gap": 24.5456,
      "padding": 39.975,
    }
  }
>
  <View
    style={
      [
        {
          "backgroundColor": "white",
          "borderRadius": 10,
          "height": "auto",
          "padding": 10,
          "width": "100%",
        },
        {
          "elevation": 20,
          "shadowColor": "#16196670",
          "shadowOffset": {
            "height": 6,
            "width": 0,
          },
          "shadowOpacity": 0.08,
          "shadowRadius": 16,
        },
        [
          {
            "paddingHorizontal": 20,
          },
          {
            "alignItems": "center",
            "flexDirection": "row",
            "gap": 7,
          },
        ],
      ]
    }
    testID="universal-container"
  >
    <View
      style={
        {
          "alignItems": "center",
          "flexDirection": "row",
          "gap": 7,
        }
      }
    >
      <Image
        source={1}
        style={
          {
            "resizeMode": "contain",
            "width": 20,
          }
        }
      />
      <Text
        style={
          [
            {
              "color": "#1B1D4D",
              "fontFamily": "MulishRegular",
              "fontSize": 14,
            },
            {
              "color": "#4C4C60",
              "fontFamily": "MulishRegular",
              "fontSize": 14,
            },
          ]
        }
      >
        +17
      </Text>
    </View>
    <Text
      style={
        [
          {
            "color": "#1B1D4D",
            "fontFamily": "MulishRegular",
            "fontSize": 14,
          },
          {
            "color": "#4C4C60",
            "fontFamily": "MulishRegular",
            "fontSize": 14,
          },
        ]
      }
    >
      |
    </Text>
    <TextInput
      keyboardType="number-pad"
      maxLength={9}
      onChangeText={[Function]}
      placeholder="xxxxxxxxx"
      style={
        [
          {
            "width": 100,
          },
          {
            "color": "#4C4C60",
            "fontFamily": "MulishRegular",
            "fontSize": 14,
          },
        ]
      }
    />
  </View>
  <Text
    style={
      [
        {
          "color": "#1B1D4D",
          "fontFamily": "MulishRegular",
          "fontSize": 14,
        },
        {
          "color": "#1B1D4D",
          "fontFamily": "MulishRegular",
          "fontSize": 12,
        },
      ]
    }
  >
    Your balance: 
    4863.27 USD
  </Text>
  <View
    style={
      {
        "alignItems": "center",
        "flexDirection": "row",
        "flexGrow": 0,
        "gap": 10,
        "justifyContent": "flex-start",
      }
    }
  >
    <View
      style={
        [
          {
            "backgroundColor": "white",
            "borderRadius": 10,
            "height": "auto",
            "padding": 10,
            "width": "100%",
          },
          {
            "elevation": 20,
            "shadowColor": "#16196670",
            "shadowOffset": {
              "height": 6,
              "width": 0,
            },
            "shadowOpacity": 0.08,
            "shadowRadius": 16,
          },
          {
            "alignItems": "flex-end",
            "flexDirection": "row",
            "justifyContent": "flex-start",
            "width": "auto",
          },
        ]
      }
      testID="universal-container"
    >
      <Text
        style={
          [
            {
              "color": "#1B1D4D",
              "fontFamily": "MulishRegular",
              "fontSize": 14,
            },
            [
              {
                "color": "#1B1D4D",
                "fontFamily": "MulishMedium",
                "fontSize": 28,
              },
              {
                "marginRight": 5,
              },
            ],
          ]
        }
      >
        $
      </Text>
      <TextInput
        keyboardType="number-pad"
        onChangeText={[Function]}
        placeholder="0"
        style={
          [
            {
              "color": "#1B1D4D",
              "fontFamily": "MulishMedium",
              "fontSize": 28,
            },
            {
              "flexGrow": 0,
            },
          ]
        }
        testID="wholeNumber"
      />
      <Text
        style={
          [
            {
              "color": "#1B1D4D",
              "fontFamily": "MulishRegular",
              "fontSize": 14,
            },
            {
              "color": "#1B1D4D",
              "fontFamily": "MulishMedium",
              "fontSize": 28,
            },
          ]
        }
      >
        .
      </Text>
      <TextInput
        keyboardType="number-pad"
        maxLength={2}
        onChangeText={[Function]}
        placeholder="00"
        style={
          {
            "color": "#1B1D4D",
            "fontFamily": "MulishMedium",
            "fontSize": 16,
          }
        }
        testID="decimalNumber"
      />
    </View>
    <Text
      style={
        [
          {
            "color": "#1B1D4D",
            "fontFamily": "MulishRegular",
            "fontSize": 14,
          },
          {
            "color": "#1B1D4D",
            "fontFamily": "MulishRegular",
            "fontSize": 12,
          },
        ]
      }
    >
      No fees
    </Text>
  </View>
  <View
    accessibilityState={
      {
        "busy": undefined,
        "checked": undefined,
        "disabled": undefined,
        "expanded": undefined,
        "selected": undefined,
      }
    }
    accessibilityValue={
      {
        "max": undefined,
        "min": undefined,
        "now": undefined,
        "text": undefined,
      }
    }
    accessible={true}
    collapsable={false}
    focusable={false}
    onClick={[Function]}
    onResponderGrant={[Function]}
    onResponderMove={[Function]}
    onResponderRelease={[Function]}
    onResponderTerminate={[Function]}
    onResponderTerminationRequest={[Function]}
    onStartShouldSetResponder={[Function]}
    style={
      {
        "opacity": 1,
        "width": "100%",
      }
    }
  >
    <ViewManagerAdapter_ExpoLinearGradient
      proxiedProperties={
        {
          "colors": [
            4288142079,
            4279654301,
          ],
          "endPoint": [
            1,
            0.5,
          ],
          "locations": undefined,
          "startPoint": [
            0,
            0.5,
          ],
        }
      }
      style={
        [
          {
            "borderRadius": 10,
            "padding": 15,
          },
          false,
          false,
        ]
      }
    >
      <Text
        style={
          [
            {
              "color": "#1B1D4D",
              "fontFamily": "MulishRegular",
              "fontSize": 14,
            },
            [
              {
                "fontFamily": "MulishSemiBold",
                "fontSize": 16,
                "textAlign": "center",
              },
              {
                "color": "white",
              },
              false,
              false,
            ],
          ]
        }
      >
        Confirm
      </Text>
    </ViewManagerAdapter_ExpoLinearGradient>
  </View>
</View>
`;
