// Jest Snapshot v1, https://goo.gl/fbAQLP

exports[`SquareButtonWithIcon should render correctly 1`] = `
<View
  accessibilityState={
    {
      "busy": undefined,
      "checked": undefined,
      "disabled": undefined,
      "expanded": undefined,
      "selected": undefined,
    }
  }
  accessibilityValue={
    {
      "max": undefined,
      "min": undefined,
      "now": undefined,
      "text": undefined,
    }
  }
  accessible={true}
  collapsable={false}
  focusable={false}
  onClick={[Function]}
  onResponderGrant={[Function]}
  onResponderMove={[Function]}
  onResponderRelease={[Function]}
  onResponderTerminate={[Function]}
  onResponderTerminationRequest={[Function]}
  onStartShouldSetResponder={[Function]}
  style={
    {
      "aspectRatio": 1.1538461538461537,
      "opacity": 1,
      "width": 150,
    }
  }
  testID="square-button-with-icon"
>
  <View
    style={
      [
        {
          "backgroundColor": "white",
          "borderRadius": 10,
          "height": "100%",
          "padding": 20,
          "width": "100%",
        },
        {
          "elevation": 20,
          "shadowColor": "#161966",
          "shadowOffset": {
            "height": 6,
            "width": 0,
          },
          "shadowOpacity": 0.08,
          "shadowRadius": 16,
        },
      ]
    }
    testID="universal-container"
  >
    <View
      style={
        {
          "alignItems": "center",
          "flex": 1,
          "gap": 10,
          "justifyContent": "center",
        }
      }
    >
      <View
        style={
          [
            {
              "alignItems": "center",
              "backgroundColor": "#3EB290",
              "borderRadius": 100,
              "height": 50,
              "justifyContent": "center",
              "width": 50,
            },
            false,
          ]
        }
      >
        <Text />
      </View>
      <Text
        style={
          [
            {
              "color": "white",
              "fontFamily": "MulishSemiBold",
            },
            {
              "color": "#1B1D4D",
              "fontSize": 16,
            },
          ]
        }
      >
        Add new card
      </Text>
    </View>
  </View>
</View>
`;
