// Jest Snapshot v1, https://goo.gl/fbAQLP

exports[`SocialButtonList should render correctly 1`] = `
<View
  style={
    {
      "display": "flex",
      "flexDirection": "row",
      "gap": 10,
      "justifyContent": "center",
      "width": "100%",
    }
  }
  testID="test"
>
  <View
    animatedStyle={
      {
        "value": {
          "transform": [
            {
              "scale": 1,
            },
          ],
        },
      }
    }
    collapsable={false}
    style={
      {
        "transform": [
          {
            "scale": 1,
          },
        ],
      }
    }
    testID="test0"
  >
    <View
      accessibilityState={
        {
          "busy": undefined,
          "checked": undefined,
          "disabled": undefined,
          "expanded": undefined,
          "selected": undefined,
        }
      }
      accessibilityValue={
        {
          "max": undefined,
          "min": undefined,
          "now": undefined,
          "text": undefined,
        }
      }
      accessible={true}
      collapsable={false}
      focusable={true}
      onBlur={[Function]}
      onClick={[Function]}
      onFocus={[Function]}
      onResponderGrant={[Function]}
      onResponderMove={[Function]}
      onResponderRelease={[Function]}
      onResponderTerminate={[Function]}
      onResponderTerminationRequest={[Function]}
      onStartShouldSetResponder={[Function]}
      style={
        [
          {
            "alignItems": "center",
            "display": "flex",
            "justifyContent": "center",
            "padding": 8,
          },
          {
            "backgroundColor": "#e90800",
            "borderRadius": 49,
            "height": 49,
            "width": 49,
          },
        ]
      }
      testID="pressable-social-button"
    >
      <Text />
    </View>
  </View>
  <View
    animatedStyle={
      {
        "value": {
          "transform": [
            {
              "scale": 1,
            },
          ],
        },
      }
    }
    collapsable={false}
    style={
      {
        "transform": [
          {
            "scale": 1,
          },
        ],
      }
    }
    testID="test1"
  >
    <View
      accessibilityState={
        {
          "busy": undefined,
          "checked": undefined,
          "disabled": undefined,
          "expanded": undefined,
          "selected": undefined,
        }
      }
      accessibilityValue={
        {
          "max": undefined,
          "min": undefined,
          "now": undefined,
          "text": undefined,
        }
      }
      accessible={true}
      collapsable={false}
      focusable={true}
      onBlur={[Function]}
      onClick={[Function]}
      onFocus={[Function]}
      onResponderGrant={[Function]}
      onResponderMove={[Function]}
      onResponderRelease={[Function]}
      onResponderTerminate={[Function]}
      onResponderTerminationRequest={[Function]}
      onStartShouldSetResponder={[Function]}
      style={
        [
          {
            "alignItems": "center",
            "display": "flex",
            "justifyContent": "center",
            "padding": 8,
          },
          {
            "backgroundColor": "#4768aa",
            "borderRadius": 49,
            "height": 49,
            "width": 49,
          },
        ]
      }
      testID="pressable-social-button"
    >
      <Text />
    </View>
  </View>
  <View
    animatedStyle={
      {
        "value": {
          "transform": [
            {
              "scale": 1,
            },
          ],
        },
      }
    }
    collapsable={false}
    style={
      {
        "transform": [
          {
            "scale": 1,
          },
        ],
      }
    }
    testID="test2"
  >
    <View
      accessibilityState={
        {
          "busy": undefined,
          "checked": undefined,
          "disabled": undefined,
          "expanded": undefined,
          "selected": undefined,
        }
      }
      accessibilityValue={
        {
          "max": undefined,
          "min": undefined,
          "now": undefined,
          "text": undefined,
        }
      }
      accessible={true}
      collapsable={false}
      focusable={true}
      onBlur={[Function]}
      onClick={[Function]}
      onFocus={[Function]}
      onResponderGrant={[Function]}
      onResponderMove={[Function]}
      onResponderRelease={[Function]}
      onResponderTerminate={[Function]}
      onResponderTerminationRequest={[Function]}
      onStartShouldSetResponder={[Function]}
      style={
        [
          {
            "alignItems": "center",
            "display": "flex",
            "justifyContent": "center",
            "padding": 8,
          },
          {
            "backgroundColor": "#0068c1",
            "borderRadius": 49,
            "height": 49,
            "width": 49,
          },
        ]
      }
      testID="pressable-social-button"
    >
      <Text />
    </View>
  </View>
</View>
`;
